batch("/home/kowen9024/repos/msk-formal-discovery-hvb-01a/experiments/hamiltonian-variational-bridge-01a/provider/k_controls.mac")
display2d:false
load(kovacicODE)
print("RESULT_K1",kovacicODE('diff(y,x,2) = 0,y,x))
equation:  'diff(_y,_x,2) = 0 , degree =  2 
Second order ODE found. 
ODE is not linear! 
RESULT_K1 nil 
print("RESULT_K1g",kovacicODE(x*'diff(y,x,2)+2*'diff(y,x) = 0,y,x))
equation:  _x*'diff(_y,_x,2)+2*'diff(_y,_x,1) = 0 , degree =  2 
Second order ODE found. 
polynomial is constant 
end of preliminaries... 
_dd[0] =  0 
finding sol2 
expression: 1/_x 
expression: 1/_x 
expression: 1 
expression: 1 
RESULT_K1g [y = %k1/x+%k2] 
print("RESULT_K2",kovacicODE('diff(y,x,2)-y = 0,y,x))
equation:  'diff(_y,_x,2)-_y = 0 , degree =  2 
Second order ODE found. 
ODE is not linear! 
RESULT_K2 nil 
print("RESULT_K2g",kovacicODE(x*'diff(y,x,2)+2*'diff(y,x)+(-x)*y = 0,y,x))
equation:  _x*'diff(_y,_x,2)+2*'diff(_y,_x,1)-_x*_y = 0 , degree =  2 
Second order ODE found. 
polynomial is constant 
end of preliminaries... 
_dd[0] =  0 
finding sol2 
expression: %e^-_x/_x 
expression: %e^-_x/_x 
expression: %e^(2*_x) 
expression: %e^(2*_x) 
RESULT_K2g [y = (%e^x*%k2)/x+(%e^-x*%k1)/x] 
print("RESULT_K3a",kovacicODE('diff(y,x,2) = (1/x-3/(16*x^2))*y,y,x))
equation:  'diff(_y,_x,2) = (1/_x-3/(16*_x^2))*_y , degree =  2 
Second order ODE found. 
end of preliminaries... 
undetcoeff: 0 16 16*_x-3 
_er: -(3/16) 
finding sol2 
expression: %e^-(2*sqrt(_x))*_x^(1/4) 
expression: %e^-(2*sqrt(_x))*_x^(1/4) 
expression: %e^(4*sqrt(_x))/sqrt(_x) 
expression: %e^(4*sqrt(_x))/sqrt(_x) 
RESULT_K3a [y = %e^(2*sqrt(x))*%k2*x^(1/4)+%e^-(2*sqrt(x))*%k1*x^(1/4)] 
print("RESULT_K3b",
      kovacicODE('diff(y,x,2) = (-3/(16*x^2)-2/(9*(x-1)^2)+3/(16*x*(x-1)))*y,
                 y,x))
equation:  'diff(_y,_x,2) = (3/(16*(_x-1)*_x)-3/(16*_x^2)-2/(9*(_x-1)^2))*_y 
          , degree =  2 
Second order ODE found. 
end of preliminaries... 
undetcoeff: 0 144*(_x-1)^2 -(32*_x^2)+27*_x-27 
_er: -(3/16) 
undetcoeff: 0 144*_x^2 -(32*_x^2)+27*_x-27 
_er: -(2/9) 
No Liouvillian solutions exist 
No Liouvillian solutions exist 
finding sol2 
expression: 
           %e^-(('integrate(sqrt(2*sqrt(_x)
                                  +sqrt((_x-1)^(1/3)+1)*(2*(_x-1)^(1/3)-1))
                             /(((_x-1)^(1/3)+1)^(1/4)*(_x-1)^(2/3)*sqrt(_x)),
                            _x)
              +'integrate(sqrt((_x-1)^(1/3)+1)/((_x-1)^(2/3)*sqrt(_x)),_x))
              /12)
            *(_x^(1/4)-1)^(1/3)*(_x^(1/4)+1)^(1/3)*(sqrt(_x)+1)^(1/3)*_x^(1/4)
            
expression: 
           %e^(log(_x)/4-('integrate(sqrt(
                                      2*sqrt(_x)
                                       +sqrt((_x-1)^(1/3)+1)
                                        *(2*(_x-1)^(1/3)-1))
                                      /(((_x-1)^(1/3)+1)^(1/4)
                                       *(_x-1)^(2/3)*sqrt(_x)),_x))
                         /12
                        -('integrate(sqrt((_x-1)^(1/3)+1)
                                      /((_x-1)^(2/3)*sqrt(_x)),_x))
                         /12)
            *(_x^(1/4)-1)^(1/3)*(_x^(1/4)+1)^(1/3)*(sqrt(_x)+1)^(1/3) 
expression: 
           %e^(('integrate(sqrt(2*sqrt(_x)
                                 +sqrt((_x-1)^(1/3)+1)*(2*(_x-1)^(1/3)-1))
                            /(((_x-1)^(1/3)+1)^(1/4)*(_x-1)^(2/3)*sqrt(_x)),
                           _x)
              +'integrate(sqrt((_x-1)^(1/3)+1)/((_x-1)^(2/3)*sqrt(_x)),_x))
              /6)
            /((_x^(1/4)-1)^(2/3)*(_x^(1/4)+1)^(2/3)*(sqrt(_x)+1)^(2/3)
                                *sqrt(_x)) 
expression: 
           %e^(('integrate(sqrt(2*sqrt(_x)
                                 +sqrt((_x-1)^(1/3)+1)*(2*(_x-1)^(1/3)-1))
                            /(((_x-1)^(1/3)+1)^(1/4)*(_x-1)^(2/3)*sqrt(_x)),
                           _x)
              +'integrate(sqrt((_x-1)^(1/3)+1)/((_x-1)^(2/3)*sqrt(_x)),_x))
              /6)
            /((_x^(1/4)-1)^(2/3)*(_x^(1/4)+1)^(2/3)*(sqrt(_x)+1)^(2/3)
                                *sqrt(_x)) 
RESULT_K3b 
          [y = %e^(-(('integrate(sqrt(2*sqrt(x)
                                       +sqrt((x-1)^(1/3)+1)*(2*(x-1)^(1/3)-1))
                                  /(((x-1)^(1/3)+1)^(1/4)
                                   *(x-1)^(2/3)*sqrt(x)),x))
                  /12)
                  -('integrate(sqrt((x-1)^(1/3)+1)/((x-1)^(2/3)*sqrt(x)),x))
                   /12)
             *%k2
             *('integrate(%e^(('integrate(
                             sqrt(2*sqrt(x)
                                   +sqrt((x-1)^(1/3)+1)*(2*(x-1)^(1/3)-1))
                              /(((x-1)^(1/3)+1)^(1/4)*(x-1)^(2/3)*sqrt(x)),x))
                             /6
                             +('integrate(
                              sqrt((x-1)^(1/3)+1)/((x-1)^(2/3)*sqrt(x)),x))
                              /6)
                           /((x^(1/4)-1)^(2/3)*(x^(1/4)+1)^(2/3)
                                              *(sqrt(x)+1)^(2/3)*sqrt(x)),x))
             *(x^(1/4)-1)^(1/3)*(x^(1/4)+1)^(1/3)*(sqrt(x)+1)^(1/3)*x^(1/4)
             +%e^(-(('integrate(sqrt(2*sqrt(x)
                                      +sqrt((x-1)^(1/3)+1)*(2*(x-1)^(1/3)-1))
                                 /(((x-1)^(1/3)+1)^(1/4)*(x-1)^(2/3)*sqrt(x)),
                                x))
                 /12)
                 -('integrate(sqrt((x-1)^(1/3)+1)/((x-1)^(2/3)*sqrt(x)),x))
                  /12)
              *%k1*(x^(1/4)-1)^(1/3)*(x^(1/4)+1)^(1/3)*(sqrt(x)+1)^(1/3)
              *x^(1/4)] 
print("RESULT_K4a",kovacicODE('diff(y,x,2) = x*y,y,x))
equation:  'diff(_y,_x,2) = _x*_y , degree =  2 
Second order ODE found. 
polynomial is constant 
No Liouvillian solutions exist! 
RESULT_K4a nil 
print("RESULT_K4b",kovacicODE(x*'diff(y,x,2)+'diff(y,x)+x*y = 0,y,x))
equation:  _x*'diff(_y,_x,2)+'diff(_y,_x,1)+_x*_y = 0 , degree =  2 
Second order ODE found. 
end of preliminaries... 
undetcoeff: 0 4 -1 
_er: -(1/4) 
_dd[0] =  0 
No Liouvillian solutions exist 
No Liouvillian solutions exist 
RESULT_K4b nil 
print("RESULT_K5",kovacicODE((1-x^2)*'diff(y,x,2)-2*x*'diff(y,x)+2*y = 0,y,x))
equation:  (1-_x^2)*'diff(_y,_x,2)-2*_x*'diff(_y,_x,1)+2*_y = 0 , degree =  2 
Second order ODE found. 
end of preliminaries... 
undetcoeff: 0 (_x-1)^2 2*_x^2-3 
_er: -(1/4) 
undetcoeff: 0 (_x+1)^2 2*_x^2-3 
_er: -(1/4) 
finding sol2 
expression: _x 
expression: _x 
expression: 1/(_x^4-_x^2) 
expression: 1/(_x^2*(_x^2-1)) 
RESULT_K5 [y = %k2*(x*log(x+1)-log(x-1)*x-2)+%k1*x] 
print("RESULT_K6",
      kovacicODE(x^2*'diff(y,x,2)+x*'diff(y,x)+(x^2-1/4)*y = 0,y,x))
equation:  _x^2*'diff(_y,_x,2)+_x*'diff(_y,_x,1)+(_x^2-1/4)*_y = 0 , degree = 
           2 
Second order ODE found. 
polynomial is constant 
end of preliminaries... 
_dd[0] =  0 
finding sol2 
expression: 
           -((%i*sin(_x)*sinh((log(abs(_x))-log(_x))/2)
            -cos(_x)*cosh((log(abs(_x))-log(_x))/2))
            /sqrt(abs(_x))) 
expression: 
           -((sin(atan2(0,_x)/2)*sin(_x)-cos(atan2(0,_x)/2)*cos(_x))
            /sqrt(abs(_x))) 
expression: 
           -(abs(_x)/(_x*sin(_x)^2*sinh((log(abs(_x))-log(_x))/2)^2
                     +2*%i*_x*cos(_x)*sin(_x)*cosh((log(abs(_x))-log(_x))/2)
                       *sinh((log(abs(_x))-log(_x))/2)
                     -_x*cos(_x)^2*cosh((log(abs(_x))-log(_x))/2)^2)) 
expression: 
           abs(_x)/(_x*(sin(atan2(0,_x)/2)*sin(_x)-cos(atan2(0,_x)/2)*cos(_x))
                       ^2) 
RESULT_K6 
         [y = (%k2*(sin(atan2(0,x)/2)*sin(x)-cos(atan2(0,x)/2)*cos(x))
                  *'integrate(abs(x)/(sin(atan2(0,x)/2)^2*x*sin(x)^2
                                     -2*cos(atan2(0,x)/2)*sin(atan2(0,x)/2)*x
                                       *cos(x)*sin(x)
                                     +cos(atan2(0,x)/2)^2*x*cos(x)^2),x))
            /sqrt(abs(x))
            +(%k1*(sin(atan2(0,x)/2)*sin(x)-cos(atan2(0,x)/2)*cos(x)))
             /sqrt(abs(x))] 
"/home/kowen9024/repos/msk-formal-discovery-hvb-01a/experiments/hamiltonian-variational-bridge-01a/provider/k_controls.mac"
