batch("/home/kowen9024/repos/msk-formal-discovery-hvb-01c/experiments/hamiltonian-variational-bridge-01c/cells/n6_D_red.mac")
display2d:false
load(kovacicODE)
print("RESULT_n6_D_red",
      kovacicODE('diff(y,x,2) = ((3072*x^10-53760*x^8+768*x^7+233088*x^6
                                           +(-6720)*x^5+(-407040)*x^4
                                           +12432*x^3+126252*x^2+(-2700)*x
                                           -120150)
                              /(4096*x^12-71680*x^10+446208*x^8+(-1189120)*x^6
                                         +1325296*x^4+(-466200)*x^2+50625))
                              *y,y,x))
equation:  
          'diff(_y,_x,2) = ((3072*_x^10-53760*_x^8+768*_x^7+233088*_x^6
                                       -6720*_x^5-407040*_x^4+12432*_x^3
                                       +126252*_x^2-2700*_x-120150)
                         *_y)
                         /(4096*_x^12-71680*_x^10+446208*_x^8-1189120*_x^6
                                     +1325296*_x^4-466200*_x^2+50625) 
          , degree =  2 
Second order ODE found. 
end of preliminaries... 
undetcoeff: 0 4096*(_x-5/2)^2*(_x-3/2)^2*(_x-1/2)^2*(_x+1/2)^2*(_x+3/2)^2 
           3072*_x^10-53760*_x^8+768*_x^7+233088*_x^6-6720*_x^5-407040*_x^4
                     +12432*_x^3+126252*_x^2-2700*_x-120150 
_er: -(3/16) 
undetcoeff: 0 4096*(_x-3/2)^2*(_x-1/2)^2*(_x+1/2)^2*(_x+3/2)^2*(_x+5/2)^2 
           3072*_x^10-53760*_x^8+768*_x^7+233088*_x^6-6720*_x^5-407040*_x^4
                     +12432*_x^3+126252*_x^2-2700*_x-120150 
_er: -(3/16) 
undetcoeff: 0 4096*(_x-5/2)^2*(_x-3/2)^2*(_x-1/2)^2*(_x+3/2)^2*(_x+5/2)^2 
           3072*_x^10-53760*_x^8+768*_x^7+233088*_x^6-6720*_x^5-407040*_x^4
                     +12432*_x^3+126252*_x^2-2700*_x-120150 
_er: -(3/16) 
undetcoeff: 0 4096*(_x-5/2)^2*(_x-3/2)^2*(_x+1/2)^2*(_x+3/2)^2*(_x+5/2)^2 
           3072*_x^10-53760*_x^8+768*_x^7+233088*_x^6-6720*_x^5-407040*_x^4
                     +12432*_x^3+126252*_x^2-2700*_x-120150 
_er: -(3/16) 
undetcoeff: 0 4096*(_x-5/2)^2*(_x-3/2)^2*(_x-1/2)^2*(_x+1/2)^2*(_x+5/2)^2 
           3072*_x^10-53760*_x^8+768*_x^7+233088*_x^6-6720*_x^5-407040*_x^4
                     +12432*_x^3+126252*_x^2-2700*_x-120150 
_er: -(3/16) 
undetcoeff: 0 4096*(_x-5/2)^2*(_x-1/2)^2*(_x+1/2)^2*(_x+3/2)^2*(_x+5/2)^2 
           3072*_x^10-53760*_x^8+768*_x^7+233088*_x^6-6720*_x^5-407040*_x^4
                     +12432*_x^3+126252*_x^2-2700*_x-120150 
_er: -(3/16) 
No Liouvillian solutions exist 
No Liouvillian solutions exist 
No Liouvillian solutions exist 
No Liouvillian solutions exist 
No Liouvillian solutions exist 
No Liouvillian solutions exist 
No Liouvillian solutions exist 
No Liouvillian solutions exist 
No Liouvillian solutions exist 
No Liouvillian solutions exist 
No Liouvillian solutions exist 
No Liouvillian solutions exist 

[PROVIDER_TIMEOUT: script exceeded 1800 s; no retry]
