batch("/home/kowen9024/repos/msk-formal-discovery-hvb-01a/experiments/hamiltonian-variational-bridge-01a/cells/target_cells.mac")
display2d:false
load(kovacicODE)
print("RESULT_c1_orig",
      kovacicODE((-2*x^3+2*x)*'diff(y,x,2)+(1-3*x^2)*'diff(y,x)+0*y = 0,y,x))
equation:  (2*_x-2*_x^3)*'diff(_y,_x,2)+(1-3*_x^2)*'diff(_y,_x,1) = 0 
          , degree =  2 
Second order ODE found. 
end of preliminaries... 
undetcoeff: 0 16*(_x-1)^2*_x^2 -(3*_x^4)-6*_x^2-3 
_er: -(3/16) 
undetcoeff: 0 16*_x^2*(_x+1)^2 -(3*_x^4)-6*_x^2-3 
_er: -(3/16) 
undetcoeff: 0 16*(_x-1)^2*(_x+1)^2 -(3*_x^4)-6*_x^2-3 
_er: -(3/16) 
finding sol2 
expression: 2^(1/4) 
expression: 2^(1/4) 
expression: 1/(2*sqrt(_x-1)*sqrt(_x)*sqrt(_x+1)) 
expression: %e^-(log(2*_x^3-2*_x)/2)/sqrt(2) 
RESULT_c1_orig 
              [y = %k2*'integrate(1/(sqrt(x-1)*sqrt(x)*sqrt(x+1)),x)
                 +2^(1/4)*%k1] 
print("RESULT_c1_red",
      kovacicODE('diff(y,x,2) = ((-3*x^4-6*x^2-3)/(16*x^6-32*x^4+16*x^2))*y,y,
                 x))
equation:  
          'diff(_y,_x,2) = ((-(3*_x^4)-6*_x^2-3)*_y)/(16*_x^6-32*_x^4+16*_x^2)
           , degree =  2 
Second order ODE found. 
end of preliminaries... 
undetcoeff: 0 16*(_x-1)^2*_x^2 -(3*_x^4)-6*_x^2-3 
_er: -(3/16) 
undetcoeff: 0 16*_x^2*(_x+1)^2 -(3*_x^4)-6*_x^2-3 
_er: -(3/16) 
undetcoeff: 0 16*(_x-1)^2*(_x+1)^2 -(3*_x^4)-6*_x^2-3 
_er: -(3/16) 
finding sol2 
expression: sqrt(2)*(_x-1)^(1/4)*_x^(1/4)*(_x+1)^(1/4) 
expression: sqrt(2)*(_x-1)^(1/4)*_x^(1/4)*(_x+1)^(1/4) 
expression: 1/(2*sqrt(_x-1)*sqrt(_x)*sqrt(_x+1)) 
expression: 1/(2*sqrt(_x-1)*sqrt(_x)*sqrt(_x+1)) 
RESULT_c1_red 
             [y = %k2*(x-1)^(1/4)*x^(1/4)*(x+1)^(1/4)
                     *'integrate(1/(sqrt(x-1)*sqrt(x)*sqrt(x+1)),x)
                +%k1*(x-1)^(1/4)*x^(1/4)*(x+1)^(1/4)] 
print("RESULT_c2_orig",
      kovacicODE((-2*x^3+2*x)*'diff(y,x,2)+(1-3*x^2)*'diff(y,x)+1*y = 0,y,x))
equation:  (2*_x-2*_x^3)*'diff(_y,_x,2)+(1-3*_x^2)*'diff(_y,_x,1)+_y = 0 
          , degree =  2 
Second order ODE found. 
end of preliminaries... 
undetcoeff: 0 16*(_x-1)^2*_x^2 -(3*_x^4)+8*_x^3-6*_x^2-8*_x-3 
_er: -(3/16) 
undetcoeff: 0 16*_x^2*(_x+1)^2 -(3*_x^4)+8*_x^3-6*_x^2-8*_x-3 
_er: -(3/16) 
undetcoeff: 0 16*(_x-1)^2*(_x+1)^2 -(3*_x^4)+8*_x^3-6*_x^2-8*_x-3 
_er: -(3/16) 
No Liouvillian solutions exist 
No Liouvillian solutions exist 
No Liouvillian solutions exist 
finding sol2 
expression: 
           %e^-(('integrate((sqrt(_x-1)*sqrt(_x+1))/(sqrt(_x)*(_x^2-1)),_x))
              /sqrt(2))
            /2^(1/4) 
expression: 
           %e^-(('integrate((sqrt(_x-1)*sqrt(_x+1))/(sqrt(_x)*(_x^2-1)),_x))
              /sqrt(2))
            /2^(1/4) 
expression: 
           %e^(sqrt(2)*'integrate((sqrt(_x-1)*sqrt(_x+1))/(sqrt(_x)*(_x^2-1)),
                                  _x))
            /(sqrt(_x-1)*sqrt(_x)*sqrt(_x+1)) 
expression: 
           sqrt(2)*%e^(sqrt(2)*'integrate(
                               (sqrt(_x-1)*sqrt(_x+1))/(sqrt(_x)*(_x^2-1)),_x)
                      -log(2*_x^3-2*_x)/2) 
RESULT_c2_orig 
              [y = %e^-(('integrate((sqrt(x-1)*sqrt(x+1))/(sqrt(x)*(x^2-1)),
                                    x))
                      /sqrt(2))
                 *%k2
                 *'integrate(%e^(sqrt(2)
                                *'integrate(
                                 (sqrt(x-1)*sqrt(x+1))/(sqrt(x)*(x^2-1)),x))
                              /(sqrt(x-1)*sqrt(x)*sqrt(x+1)),x)
                 +%e^-(('integrate((sqrt(x-1)*sqrt(x+1))/(sqrt(x)*(x^2-1)),x))
                     /sqrt(2))
                  *%k1] 
print("RESULT_c2_red",
      kovacicODE('diff(y,x,2) = ((-3*x^4+8*x^3+(-6)*x^2+(-8)*x-3)
                              /(16*x^6-32*x^4+16*x^2))
                              *y,y,x))
equation:  
          'diff(_y,_x,2) = ((-(3*_x^4)+8*_x^3-6*_x^2-8*_x-3)*_y)
                         /(16*_x^6-32*_x^4+16*_x^2) , degree =  2 
Second order ODE found. 
end of preliminaries... 
undetcoeff: 0 16*(_x-1)^2*_x^2 -(3*_x^4)+8*_x^3-6*_x^2-8*_x-3 
_er: -(3/16) 
undetcoeff: 0 16*_x^2*(_x+1)^2 -(3*_x^4)+8*_x^3-6*_x^2-8*_x-3 
_er: -(3/16) 
undetcoeff: 0 16*(_x-1)^2*(_x+1)^2 -(3*_x^4)+8*_x^3-6*_x^2-8*_x-3 
_er: -(3/16) 
No Liouvillian solutions exist 
No Liouvillian solutions exist 
No Liouvillian solutions exist 
finding sol2 
expression: 
           %e^-(('integrate((sqrt(_x-1)*sqrt(_x+1))/(sqrt(_x)*(_x^2-1)),_x))
              /sqrt(2))
            *(_x-1)^(1/4)*_x^(1/4)*(_x+1)^(1/4) 
expression: 
           %e^-(('integrate((sqrt(_x-1)*sqrt(_x+1))/(sqrt(_x)*(_x^2-1)),_x))
              /sqrt(2))
            *(_x-1)^(1/4)*_x^(1/4)*(_x+1)^(1/4) 
expression: 
           %e^(sqrt(2)*'integrate((sqrt(_x-1)*sqrt(_x+1))/(sqrt(_x)*(_x^2-1)),
                                  _x))
            /(sqrt(_x-1)*sqrt(_x)*sqrt(_x+1)) 
expression: 
           %e^(sqrt(2)*'integrate((sqrt(_x-1)*sqrt(_x+1))/(sqrt(_x)*(_x^2-1)),
                                  _x))
            /(sqrt(_x-1)*sqrt(_x)*sqrt(_x+1)) 
RESULT_c2_red 
             [y = %e^-(('integrate((sqrt(x-1)*sqrt(x+1))/(sqrt(x)*(x^2-1)),x))
                     /sqrt(2))
                *%k2*(x-1)^(1/4)*x^(1/4)*(x+1)^(1/4)
                *'integrate(%e^(sqrt(2)*'integrate(
                                        (sqrt(x-1)*sqrt(x+1))
                                         /(sqrt(x)*(x^2-1)),x))
                             /(sqrt(x-1)*sqrt(x)*sqrt(x+1)),x)
                +%e^-(('integrate((sqrt(x-1)*sqrt(x+1))/(sqrt(x)*(x^2-1)),x))
                    /sqrt(2))
                 *%k1*(x-1)^(1/4)*x^(1/4)*(x+1)^(1/4)] 
print("RESULT_c3_orig",
      kovacicODE((-2*x^3+2*x)*'diff(y,x,2)+(1-3*x^2)*'diff(y,x)+x*y = 0,y,x))
equation:  (2*_x-2*_x^3)*'diff(_y,_x,2)+(1-3*_x^2)*'diff(_y,_x,1)+_x*_y = 0 
          , degree =  2 
Second order ODE found. 
end of preliminaries... 
undetcoeff: 0 16*(_x-1)^2*_x^2 5*_x^4-14*_x^2-3 
_er: -(3/16) 
undetcoeff: 0 16*_x^2*(_x+1)^2 5*_x^4-14*_x^2-3 
_er: -(3/16) 
undetcoeff: 0 16*(_x-1)^2*(_x+1)^2 5*_x^4-14*_x^2-3 
_er: -(3/16) 
finding sol2 
expression: sqrt(_x)/2^(1/4) 
expression: sqrt(_x)/2^(1/4) 
expression: 1/(sqrt(_x-1)*_x^(3/2)*sqrt(_x+1)) 
expression: (sqrt(2)*%e^-(log(2*_x^3-2*_x)/2))/_x 
RESULT_c3_orig 
              [y = %k2*sqrt(x)*'integrate(1/(sqrt(x-1)*x^(3/2)*sqrt(x+1)),x)
                 +%k1*sqrt(x)] 
print("RESULT_c3_red",
      kovacicODE('diff(y,x,2) = ((5*x^4-14*x^2-3)/(16*x^6-32*x^4+16*x^2))*y,y,
                 x))
equation:  'diff(_y,_x,2) = ((5*_x^4-14*_x^2-3)*_y)/(16*_x^6-32*_x^4+16*_x^2) 
          , degree =  2 
Second order ODE found. 
end of preliminaries... 
undetcoeff: 0 16*(_x-1)^2*_x^2 5*_x^4-14*_x^2-3 
_er: -(3/16) 
undetcoeff: 0 16*_x^2*(_x+1)^2 5*_x^4-14*_x^2-3 
_er: -(3/16) 
undetcoeff: 0 16*(_x-1)^2*(_x+1)^2 5*_x^4-14*_x^2-3 
_er: -(3/16) 
finding sol2 
expression: (_x-1)^(1/4)*_x^(3/4)*(_x+1)^(1/4) 
expression: (_x-1)^(1/4)*_x^(3/4)*(_x+1)^(1/4) 
expression: 1/(sqrt(_x-1)*_x^(3/2)*sqrt(_x+1)) 
expression: 1/(sqrt(_x-1)*_x^(3/2)*sqrt(_x+1)) 
RESULT_c3_red 
             [y = %k2*(x-1)^(1/4)*x^(3/4)*(x+1)^(1/4)
                     *'integrate(1/(sqrt(x-1)*x^(3/2)*sqrt(x+1)),x)
                +%k1*(x-1)^(1/4)*x^(3/4)*(x+1)^(1/4)] 
print("RESULT_c4_orig",
      kovacicODE((-2*x^3+2*x)*'diff(y,x,2)+(1-3*x^2)*'diff(y,x)+(x+1)*y = 0,y,
                 x))
equation:  
          (2*_x-2*_x^3)*'diff(_y,_x,2)+(1-3*_x^2)*'diff(_y,_x,1)+(_x+1)*_y = 0
           , degree =  2 
Second order ODE found. 
end of preliminaries... 
undetcoeff: 0 16*(_x-1)^2*_x^2 5*_x^4+8*_x^3-14*_x^2-8*_x-3 
_er: -(3/16) 
undetcoeff: 0 16*_x^2*(_x+1)^2 5*_x^4+8*_x^3-14*_x^2-8*_x-3 
_er: -(3/16) 
undetcoeff: 0 16*(_x-1)^2*(_x+1)^2 5*_x^4+8*_x^3-14*_x^2-8*_x-3 
_er: -(3/16) 
No Liouvillian solutions exist 
No Liouvillian solutions exist 
No Liouvillian solutions exist 
finding sol2 
expression: 
           (%e^-((sqrt(3)*'integrate((sqrt(_x-1)*sqrt(_x+1))
                                      /(sqrt(_x)*(_x^3-2*_x^2-_x+2)),_x))
               /sqrt(2))
            *sqrt(_x-2))
            /2^(1/4) 
expression: 
           (%e^-((sqrt(3)*'integrate((sqrt(_x-1)*sqrt(_x+1))
                                      /(sqrt(_x)*(_x^3-2*_x^2-_x+2)),_x))
               /sqrt(2))
            *sqrt(_x-2))
            /2^(1/4) 
expression: 
           %e^(sqrt(2)*sqrt(3)
                      *'integrate((sqrt(_x-1)*sqrt(_x+1))
                                   /(sqrt(_x)*(_x^3-2*_x^2-_x+2)),_x))
            /((_x-2)*sqrt(_x-1)*sqrt(_x)*sqrt(_x+1)) 
expression: 
           (sqrt(2)*%e^(sqrt(2)*sqrt(3)
                               *'integrate(
                                (sqrt(_x-1)*sqrt(_x+1))
                                 /(sqrt(_x)*(_x^3-2*_x^2-_x+2)),_x)
                       -log(2*_x^3-2*_x)/2))
            /(_x-2) 
RESULT_c4_orig 
              [y = %e^-((sqrt(3)*'integrate(
                                 (sqrt(x-1)*sqrt(x+1))
                                  /(sqrt(x)*(x^3-2*x^2-x+2)),x))
                      /sqrt(2))
                 *%k2*sqrt(x-2)
                 *'integrate(%e^(sqrt(2)*sqrt(3)
                                        *'integrate(
                                         (sqrt(x-1)*sqrt(x+1))
                                          /(sqrt(x)*(x^3-2*x^2-x+2)),x))
                              /((x-2)*sqrt(x-1)*sqrt(x)*sqrt(x+1)),x)
                 +%e^-((sqrt(3)*'integrate(
                                (sqrt(x-1)*sqrt(x+1))
                                 /(sqrt(x)*(x^3-2*x^2-x+2)),x))
                     /sqrt(2))
                  *%k1*sqrt(x-2)] 
print("RESULT_c4_red",
      kovacicODE('diff(y,x,2) = ((5*x^4+8*x^3+(-14)*x^2+(-8)*x-3)
                              /(16*x^6-32*x^4+16*x^2))
                              *y,y,x))
equation:  
          'diff(_y,_x,2) = ((5*_x^4+8*_x^3-14*_x^2-8*_x-3)*_y)
                         /(16*_x^6-32*_x^4+16*_x^2) , degree =  2 
Second order ODE found. 
end of preliminaries... 
undetcoeff: 0 16*(_x-1)^2*_x^2 5*_x^4+8*_x^3-14*_x^2-8*_x-3 
_er: -(3/16) 
undetcoeff: 0 16*_x^2*(_x+1)^2 5*_x^4+8*_x^3-14*_x^2-8*_x-3 
_er: -(3/16) 
undetcoeff: 0 16*(_x-1)^2*(_x+1)^2 5*_x^4+8*_x^3-14*_x^2-8*_x-3 
_er: -(3/16) 
No Liouvillian solutions exist 
No Liouvillian solutions exist 
No Liouvillian solutions exist 
finding sol2 
expression: 
           %e^-((sqrt(3)*'integrate((sqrt(_x-1)*sqrt(_x+1))
                                     /(sqrt(_x)*(_x^3-2*_x^2-_x+2)),_x))
              /sqrt(2))
            *sqrt(_x-2)*(_x-1)^(1/4)*_x^(1/4)*(_x+1)^(1/4) 
expression: 
           %e^-((sqrt(3)*'integrate((sqrt(_x-1)*sqrt(_x+1))
                                     /(sqrt(_x)*(_x^3-2*_x^2-_x+2)),_x))
              /sqrt(2))
            *sqrt(_x-2)*(_x-1)^(1/4)*_x^(1/4)*(_x+1)^(1/4) 
expression: 
           %e^(sqrt(2)*sqrt(3)
                      *'integrate((sqrt(_x-1)*sqrt(_x+1))
                                   /(sqrt(_x)*(_x^3-2*_x^2-_x+2)),_x))
            /((_x-2)*sqrt(_x-1)*sqrt(_x)*sqrt(_x+1)) 
expression: 
           %e^(sqrt(2)*sqrt(3)
                      *'integrate((sqrt(_x-1)*sqrt(_x+1))
                                   /(sqrt(_x)*(_x^3-2*_x^2-_x+2)),_x))
            /((_x-2)*sqrt(_x-1)*sqrt(_x)*sqrt(_x+1)) 
RESULT_c4_red 
             [y = %e^-((sqrt(3)*'integrate(
                                (sqrt(x-1)*sqrt(x+1))
                                 /(sqrt(x)*(x^3-2*x^2-x+2)),x))
                     /sqrt(2))
                *%k2*sqrt(x-2)*(x-1)^(1/4)*x^(1/4)*(x+1)^(1/4)
                *'integrate(%e^(sqrt(2)*sqrt(3)
                                       *'integrate(
                                        (sqrt(x-1)*sqrt(x+1))
                                         /(sqrt(x)*(x^3-2*x^2-x+2)),x))
                             /((x-2)*sqrt(x-1)*sqrt(x)*sqrt(x+1)),x)
                +%e^-((sqrt(3)*'integrate(
                               (sqrt(x-1)*sqrt(x+1))
                                /(sqrt(x)*(x^3-2*x^2-x+2)),x))
                    /sqrt(2))
                 *%k1*sqrt(x-2)*(x-1)^(1/4)*x^(1/4)*(x+1)^(1/4)] 
print("RESULT_c5_orig",
      kovacicODE((-2*x^3+2*x)*'diff(y,x,2)+(1-3*x^2)*'diff(y,x)+(2*x)*y = 0,y,
                 x))
equation:  (2*_x-2*_x^3)*'diff(_y,_x,2)+(1-3*_x^2)*'diff(_y,_x,1)+2*_x*_y = 0 
          , degree =  2 
Second order ODE found. 
end of preliminaries... 
undetcoeff: 0 16*(_x-1)^2*_x^2 13*_x^4-22*_x^2-3 
_er: -(3/16) 
undetcoeff: 0 16*_x^2*(_x+1)^2 13*_x^4-22*_x^2-3 
_er: -(3/16) 
undetcoeff: 0 16*(_x-1)^2*(_x+1)^2 13*_x^4-22*_x^2-3 
_er: -(3/16) 
No Liouvillian solutions exist 
No Liouvillian solutions exist 
No Liouvillian solutions exist 
No Liouvillian solutions exist 
No Liouvillian solutions exist 
RESULT_c5_orig nil 
print("RESULT_c5_red",
      kovacicODE('diff(y,x,2) = ((13*x^4-22*x^2-3)/(16*x^6-32*x^4+16*x^2))*y,
                 y,x))
equation:  'diff(_y,_x,2) = ((13*_x^4-22*_x^2-3)*_y)/(16*_x^6-32*_x^4+16*_x^2)
           , degree =  2 
Second order ODE found. 
end of preliminaries... 
undetcoeff: 0 16*(_x-1)^2*_x^2 13*_x^4-22*_x^2-3 
_er: -(3/16) 
undetcoeff: 0 16*_x^2*(_x+1)^2 13*_x^4-22*_x^2-3 
_er: -(3/16) 
undetcoeff: 0 16*(_x-1)^2*(_x+1)^2 13*_x^4-22*_x^2-3 
_er: -(3/16) 
No Liouvillian solutions exist 
No Liouvillian solutions exist 
No Liouvillian solutions exist 
No Liouvillian solutions exist 
No Liouvillian solutions exist 
RESULT_c5_red nil 
print("RESULT_c6_orig",
      kovacicODE((-2*x^3+2*x)*'diff(y,x,2)+(1-3*x^2)*'diff(y,x)+(2*x+1)*y = 0,
                 y,x))
equation:  
          (2*_x-2*_x^3)*'diff(_y,_x,2)+(1-3*_x^2)*'diff(_y,_x,1)+(2*_x+1)*_y
            = 0 , degree =  2 
Second order ODE found. 
end of preliminaries... 
undetcoeff: 0 16*(_x-1)^2*_x^2 13*_x^4+8*_x^3-22*_x^2-8*_x-3 
_er: -(3/16) 
undetcoeff: 0 16*_x^2*(_x+1)^2 13*_x^4+8*_x^3-22*_x^2-8*_x-3 
_er: -(3/16) 
undetcoeff: 0 16*(_x-1)^2*(_x+1)^2 13*_x^4+8*_x^3-22*_x^2-8*_x-3 
_er: -(3/16) 
No Liouvillian solutions exist 
No Liouvillian solutions exist 
No Liouvillian solutions exist 
No Liouvillian solutions exist 
No Liouvillian solutions exist 
RESULT_c6_orig nil 
print("RESULT_c6_red",
      kovacicODE('diff(y,x,2) = ((13*x^4+8*x^3+(-22)*x^2+(-8)*x-3)
                              /(16*x^6-32*x^4+16*x^2))
                              *y,y,x))
equation:  
          'diff(_y,_x,2) = ((13*_x^4+8*_x^3-22*_x^2-8*_x-3)*_y)
                         /(16*_x^6-32*_x^4+16*_x^2) , degree =  2 
Second order ODE found. 
end of preliminaries... 
undetcoeff: 0 16*(_x-1)^2*_x^2 13*_x^4+8*_x^3-22*_x^2-8*_x-3 
_er: -(3/16) 
undetcoeff: 0 16*_x^2*(_x+1)^2 13*_x^4+8*_x^3-22*_x^2-8*_x-3 
_er: -(3/16) 
undetcoeff: 0 16*(_x-1)^2*(_x+1)^2 13*_x^4+8*_x^3-22*_x^2-8*_x-3 
_er: -(3/16) 
No Liouvillian solutions exist 
No Liouvillian solutions exist 
No Liouvillian solutions exist 
No Liouvillian solutions exist 
No Liouvillian solutions exist 
RESULT_c6_red nil 
print("RESULT_c7_orig",
      kovacicODE((-2*x^3+2*x)*'diff(y,x,2)+(1-3*x^2)*'diff(y,x)+(3*x)*y = 0,y,
                 x))
equation:  (2*_x-2*_x^3)*'diff(_y,_x,2)+(1-3*_x^2)*'diff(_y,_x,1)+3*_x*_y = 0 
          , degree =  2 
Second order ODE found. 
end of preliminaries... 
undetcoeff: 0 16*(_x-1)^2*_x^2 21*_x^4-30*_x^2-3 
_er: -(3/16) 
undetcoeff: 0 16*_x^2*(_x+1)^2 21*_x^4-30*_x^2-3 
_er: -(3/16) 
undetcoeff: 0 16*(_x-1)^2*(_x+1)^2 21*_x^4-30*_x^2-3 
_er: -(3/16) 
No Liouvillian solutions exist 
No Liouvillian solutions exist 
No Liouvillian solutions exist 
No Liouvillian solutions exist 
finding sol2 
expression: 
           (%e^-((sqrt(3)*'integrate((sqrt(1-_x)*sqrt(_x+1))
                                      /(sqrt(_x)*(_x^2-1)),_x))
               /2)
            *sqrt(_x-1)*sqrt(_x))
            /2^(1/4) 
expression: 
           (%e^-((sqrt(3)*'integrate((sqrt(1-_x)*sqrt(_x+1))
                                      /(sqrt(_x)*(_x^2-1)),_x))
               /2)
            *sqrt(_x-1)*sqrt(_x))
            /2^(1/4) 
expression: 
           %e^(sqrt(3)*'integrate((sqrt(1-_x)*sqrt(_x+1))/(sqrt(_x)*(_x^2-1)),
                                  _x))
            /(sqrt(_x-1)*sqrt(_x)*sqrt(_x+1)*(_x^2-_x)) 
expression: 
           (sqrt(2)*%e^(sqrt(3)*'integrate(
                                (sqrt(1-_x)*sqrt(_x+1))/(sqrt(_x)*(_x^2-1)),
                                _x)
                       -log(2*_x^3-2*_x)/2))
            /((_x-1)*_x) 
RESULT_c7_orig 
              [y = %e^-((sqrt(3)*'integrate(
                                 (sqrt(1-x)*sqrt(x+1))/(sqrt(x)*(x^2-1)),x))
                      /2)
                 *%k2*sqrt(x-1)*sqrt(x)
                 *'integrate(%e^(sqrt(3)
                                *'integrate(
                                 (sqrt(1-x)*sqrt(x+1))/(sqrt(x)*(x^2-1)),x))
                              /(sqrt(x-1)*sqrt(x)*sqrt(x+1)*(x^2-x)),x)
                 +%e^-((sqrt(3)*'integrate(
                                (sqrt(1-x)*sqrt(x+1))/(sqrt(x)*(x^2-1)),x))
                     /2)
                  *%k1*sqrt(x-1)*sqrt(x)] 
print("RESULT_c7_red",
      kovacicODE('diff(y,x,2) = ((21*x^4-30*x^2-3)/(16*x^6-32*x^4+16*x^2))*y,
                 y,x))
equation:  'diff(_y,_x,2) = ((21*_x^4-30*_x^2-3)*_y)/(16*_x^6-32*_x^4+16*_x^2)
           , degree =  2 
Second order ODE found. 
end of preliminaries... 
undetcoeff: 0 16*(_x-1)^2*_x^2 21*_x^4-30*_x^2-3 
_er: -(3/16) 
undetcoeff: 0 16*_x^2*(_x+1)^2 21*_x^4-30*_x^2-3 
_er: -(3/16) 
undetcoeff: 0 16*(_x-1)^2*(_x+1)^2 21*_x^4-30*_x^2-3 
_er: -(3/16) 
No Liouvillian solutions exist 
No Liouvillian solutions exist 
No Liouvillian solutions exist 
No Liouvillian solutions exist 
finding sol2 
expression: 
           %e^-((sqrt(3)*'integrate((sqrt(1-_x)*sqrt(_x+1))
                                     /(sqrt(_x)*(_x^2-1)),_x))
              /2)
            *(_x-1)^(3/4)*_x^(3/4)*(_x+1)^(1/4) 
expression: 
           %e^-((sqrt(3)*'integrate((sqrt(1-_x)*sqrt(_x+1))
                                     /(sqrt(_x)*(_x^2-1)),_x))
              /2)
            *(_x-1)^(3/4)*_x^(3/4)*(_x+1)^(1/4) 
expression: 
           %e^(sqrt(3)*'integrate((sqrt(1-_x)*sqrt(_x+1))/(sqrt(_x)*(_x^2-1)),
                                  _x))
            /(sqrt(_x-1)*sqrt(_x)*sqrt(_x+1)*(_x^2-_x)) 
expression: 
           %e^(sqrt(3)*'integrate((sqrt(1-_x)*sqrt(_x+1))/(sqrt(_x)*(_x^2-1)),
                                  _x))
            /((_x-1)^(3/2)*_x^(3/2)*sqrt(_x+1)) 
RESULT_c7_red 
             [y = %e^-((sqrt(3)*'integrate(
                                (sqrt(1-x)*sqrt(x+1))/(sqrt(x)*(x^2-1)),x))
                     /2)
                *%k2*(x-1)^(3/4)*x^(3/4)*(x+1)^(1/4)
                *'integrate(%e^(sqrt(3)*'integrate(
                                        (sqrt(1-x)*sqrt(x+1))
                                         /(sqrt(x)*(x^2-1)),x))
                             /(sqrt(x-1)*sqrt(x)*sqrt(x+1)*(x^2-x)),x)
                +%e^-((sqrt(3)*'integrate(
                               (sqrt(1-x)*sqrt(x+1))/(sqrt(x)*(x^2-1)),x))
                    /2)
                 *%k1*(x-1)^(3/4)*x^(3/4)*(x+1)^(1/4)] 
print("RESULT_c8_orig",
      kovacicODE((-2*x^3+2*x)*'diff(y,x,2)+(1-3*x^2)*'diff(y,x)+(1-x)*y = 0,y,
                 x))
equation:  
          (2*_x-2*_x^3)*'diff(_y,_x,2)+(1-3*_x^2)*'diff(_y,_x,1)+(1-_x)*_y = 0
           , degree =  2 
Second order ODE found. 
end of preliminaries... 
undetcoeff: 0 16*(_x-1)^2*_x^2 -(11*_x^4)+8*_x^3+2*_x^2-8*_x-3 
_er: -(3/16) 
undetcoeff: 0 16*_x^2*(_x+1)^2 -(11*_x^4)+8*_x^3+2*_x^2-8*_x-3 
_er: -(3/16) 
undetcoeff: 0 16*(_x-1)^2*(_x+1)^2 -(11*_x^4)+8*_x^3+2*_x^2-8*_x-3 
_er: -(3/16) 
No Liouvillian solutions exist 
No Liouvillian solutions exist 
No Liouvillian solutions exist 
No Liouvillian solutions exist 
No Liouvillian solutions exist 
RESULT_c8_orig nil 
print("RESULT_c8_red",
      kovacicODE('diff(y,x,2) = ((-11*x^4+8*x^3+2*x^2+(-8)*x-3)
                              /(16*x^6-32*x^4+16*x^2))
                              *y,y,x))
equation:  
          'diff(_y,_x,2) = ((-(11*_x^4)+8*_x^3+2*_x^2-8*_x-3)*_y)
                         /(16*_x^6-32*_x^4+16*_x^2) , degree =  2 
Second order ODE found. 
end of preliminaries... 
undetcoeff: 0 16*(_x-1)^2*_x^2 -(11*_x^4)+8*_x^3+2*_x^2-8*_x-3 
_er: -(3/16) 
undetcoeff: 0 16*_x^2*(_x+1)^2 -(11*_x^4)+8*_x^3+2*_x^2-8*_x-3 
_er: -(3/16) 
undetcoeff: 0 16*(_x-1)^2*(_x+1)^2 -(11*_x^4)+8*_x^3+2*_x^2-8*_x-3 
_er: -(3/16) 
No Liouvillian solutions exist 
No Liouvillian solutions exist 
No Liouvillian solutions exist 
No Liouvillian solutions exist 
No Liouvillian solutions exist 
RESULT_c8_red nil 
"/home/kowen9024/repos/msk-formal-discovery-hvb-01a/experiments/hamiltonian-variational-bridge-01a/cells/target_cells.mac"
